60
30
WWWWWWWWWWWWWWWWWWWWWWWWWWWWWWWWWWWWWWWWWWWWWWWWWWWWWWWWWWWW
W           W                                              W
W           W  A                                  W        W
W           WWWWWWWWWWWWWWWWWWWWWWWWWWWWWWWWWWW   WWWWWWWWWW
W                                                 W        W
W                             W                            W
WWWWWWWWWWWWW    WWWWW        W                            W
W           W    WWWWWW       WWWWWWWWWWWWWWWWWWWWW   WWWWWW
W           W    WWWWWWWWW    W                            W
W           W    WWWWWWWWWW   W                           WW
W     B     W     WWWWWWWWWW                               W
W           W       WWWWWWWW  WWWWWWWWWWWWWWWWWWWWWWWWWWW  W
W                    WWWWWW                                W
WWWWWWWWWWWWW                                    WWW       W
W                   WW            WWWWWWWWW       W        W
W                    WWW     W            WW            WWWW
W                      W     W  W          WW         WWW  W
WWWWWWWWWWWWWWWWWWWWWWWWW       W           WWW     WWW    W
W         WWW                   W             WW  WWW      W
W       WW                     WW              WWWW        W
W      WW         WWWWWW      WW                           W
W     WW       WWWW    WWW    W             WW             W
W     W       WW         WW WWW           WWWWWW           W
W     W       W      S     WW            WW    WW          W
W     WW      WWWWW       WW           WW       WWW        W
W      WWWW             WWW         WWWW          WWW      W
W         WWWWWWWWWWWWWWW         WWW        I      W      W
W                                WW                 W      W
W                                                   W      W
WWWWWWWWWWWWWWWWWWWWWWWWWWWWWWWWWWWWWWWWWWWWWWWWWWWWWWWWWWWW
6 10     Ben 
15 2     P1
46 26    P2
21 23     Switch                                                       